src/app/components/ActiveEnginePanel.tsx(1,1): error TS6133: 'React' is declared but its value is never read.
src/app/components/ActiveEnginePanel.tsx(2,10): error TS6133: 'CheckCircle2' is declared but its value is never read.
src/app/components/AIAnalyticsGrid.tsx(31,7): error TS6133: 'getColorClasses' is declared but its value is never read.
src/app/components/ConversionBlock.tsx(2,22): error TS6133: 'CheckCircle2' is declared but its value is never read.
src/app/components/CookieConsent.tsx(4,13): error TS6133: 'ShieldCheck' is declared but its value is never read.
src/app/components/CryptoOutcomeBlock.tsx(2,8): error TS6133: 'React' is declared but its value is never read.
src/app/components/CryptoOutcomeBlock.tsx(4,10): error TS6133: 'ChevronRight' is declared but its value is never read.
src/app/components/CryptoOutcomeBlock.tsx(4,24): error TS6133: 'Zap' is declared but its value is never read.
src/app/components/CryptoOutcomeBlock.tsx(4,29): error TS6133: 'TrendingUp' is declared but its value is never read.
src/app/components/CustomerJourneySection.tsx(1,8): error TS6133: 'React' is declared but its value is never read.
src/app/components/demand-pulse/FeatureSection.tsx(1,1): error TS6133: 'React' is declared but its value is never read.
src/app/components/DemandDiscoverySection.tsx(1,8): error TS6133: 'React' is declared but its value is never read.
src/app/components/EngineTab.tsx(1,1): error TS6133: 'React' is declared but its value is never read.
src/app/components/FeatureCard.tsx(1,1): error TS6133: 'React' is declared but its value is never read.
src/app/components/FeatureCard.tsx(11,64): error TS6133: 'index' is declared but its value is never read.
src/app/components/Footer.tsx(2,1): error TS6133: 'React' is declared but its value is never read.
src/app/components/GlobalICPSection.tsx(2,1): error TS6133: 'React' is declared but its value is never read.
src/app/components/GrowthAccelerationSection.tsx(1,8): error TS6133: 'React' is declared but its value is never read.
src/app/components/LeadGenerationSection.tsx(1,8): error TS6133: 'React' is declared but its value is never read.
src/app/components/MarketValidationSection.tsx(1,8): error TS6133: 'React' is declared but its value is never read.
src/app/components/PerformanceMarketingSection.tsx(1,8): error TS6133: 'React' is declared but its value is never read.
src/app/components/RevenueAccelerationSection.tsx(1,8): error TS6133: 'React' is declared but its value is never read.
src/app/components/StartupMVPSection.tsx(1,8): error TS6133: 'React' is declared but its value is never read.
src/app/components/StatCard.tsx(1,1): error TS6133: 'React' is declared but its value is never read.
src/app/pages/Cookies.tsx(1,1): error TS6133: 'React' is declared but its value is never read.
src/app/pages/Copyright.tsx(1,1): error TS6133: 'React' is declared but its value is never read.
src/app/pages/Security.tsx(1,1): error TS6133: 'React' is declared but its value is never read.
src/app/pages/Terms.tsx(1,1): error TS6133: 'React' is declared but its value is never read.
src/app/pages/Terms.tsx(2,31): error TS6133: 'CheckCircle2' is declared but its value is never read.
src/app/pages/Terms.tsx(2,45): error TS6133: 'Shield' is declared but its value is never read.
src/data/cryptoContent.ts(14,5): error TS6133: 'Shield' is declared but its value is never read.
src/data/cryptoContent.ts(22,5): error TS6133: 'Scale' is declared but its value is never read.
src/data/customerJourney.ts(3,23): error TS6133: 'CheckCircle2' is declared but its value is never read.
src/data/customerJourney.ts(3,37): error TS6133: 'Search' is declared but its value is never read.
src/data/customerJourney.ts(3,45): error TS6133: 'Target' is declared but its value is never read.
src/data/customerJourney.ts(3,53): error TS6133: 'TrendingUp' is declared but its value is never read.
src/data/customerJourney.ts(4,5): error TS6133: 'Shield' is declared but its value is never read.
src/data/customerJourney.ts(4,13): error TS6133: 'Zap' is declared but its value is never read.
src/data/customerJourney.ts(4,18): error TS6133: 'Radio' is declared but its value is never read.
src/data/demandDiscovery.ts(3,5): error TS6133: 'Zap' is declared but its value is never read.
src/data/demandDiscovery.ts(3,10): error TS6133: 'CheckCircle2' is declared but its value is never read.
src/data/demandDiscovery.ts(3,24): error TS6133: 'Target' is declared but its value is never read.
src/data/demandDiscovery.ts(3,32): error TS6133: 'BarChart3' is declared but its value is never read.
src/data/demandDiscovery.ts(3,43): error TS6133: 'TrendingUp' is declared but its value is never read.
src/data/demandDiscovery.ts(3,55): error TS6133: 'Globe' is declared but its value is never read.
src/data/demandDiscovery.ts(4,5): error TS6133: 'Activity' is declared but its value is never read.
src/data/demandDiscovery.ts(4,15): error TS6133: 'ArrowRight' is declared but its value is never read.
src/data/demandDiscovery.ts(4,27): error TS6133: 'Shield' is declared but its value is never read.
src/data/demandDiscovery.ts(4,35): error TS6133: 'Rocket' is declared but its value is never read.
src/data/growthAcceleration.ts(3,22): error TS6133: 'Zap' is declared but its value is never read.
src/data/growthAcceleration.ts(3,27): error TS6133: 'Activity' is declared but its value is never read.
src/data/growthAcceleration.ts(3,37): error TS6133: 'Users' is declared but its value is never read.
src/data/growthAcceleration.ts(3,44): error TS6133: 'Anchor' is declared but its value is never read.
src/data/growthAcceleration.ts(3,52): error TS6133: 'CheckCircle2' is declared but its value is never read.
src/data/growthAcceleration.ts(4,5): error TS6133: 'Target' is declared but its value is never read.
src/data/homeContent.ts(2,45): error TS6133: 'Navigation' is declared but its value is never read.
src/data/homeContent.ts(4,32): error TS6133: 'PieChart' is declared but its value is never read.
src/data/leadGeneration.ts(3,28): error TS6133: 'Target' is declared but its value is never read.
src/data/leadGeneration.ts(3,36): error TS6133: 'BarChart' is declared but its value is never read.
src/data/leadGeneration.ts(3,46): error TS6133: 'UserCheck' is declared but its value is never read.
src/data/leadGeneration.ts(3,57): error TS6133: 'Play' is declared but its value is never read.
src/data/leadGeneration.ts(3,63): error TS6133: 'ArrowUpRight' is declared but its value is never read.
src/data/marketValidation.ts(3,22): error TS6133: 'CheckCircle2' is declared but its value is never read.
src/data/marketValidation.ts(3,36): error TS6133: 'Search' is declared but its value is never read.
src/data/marketValidation.ts(3,44): error TS6133: 'Target' is declared but its value is never read.
src/data/marketValidation.ts(3,52): error TS6133: 'TrendingUp' is declared but its value is never read.
src/data/marketValidation.ts(4,5): error TS6133: 'Shield' is declared but its value is never read.
src/data/marketValidation.ts(4,13): error TS6133: 'Zap' is declared but its value is never read.
src/data/marketValidation.ts(4,18): error TS6133: 'Minimize2' is declared but its value is never read.
src/data/performanceMarketing.ts(3,5): error TS6133: 'Layers' is declared but its value is never read.
src/data/performanceMarketing.ts(3,27): error TS6133: 'TrendingUp' is declared but its value is never read.
src/data/performanceMarketing.ts(3,39): error TS6133: 'Users' is declared but its value is never read.
src/data/performanceMarketing.ts(3,46): error TS6133: 'ArrowUpRight' is declared but its value is never read.
src/data/performanceMarketing.ts(4,5): error TS6133: 'Search' is declared but its value is never read.
src/data/revenueAcceleration.ts(2,25): error TS6133: 'Compass' is declared but its value is never read.
src/data/revenueAcceleration.ts(2,45): error TS6133: 'Navigation' is declared but its value is never read.
src/data/revenueAcceleration.ts(2,62): error TS6133: 'Lightbulb' is declared but its value is never read.
src/data/revenueAcceleration.ts(3,26): error TS6133: 'FileText' is declared but its value is never read.
src/data/revenueAcceleration.ts(3,36): error TS6133: 'Activity' is declared but its value is never read.
src/data/revenueAcceleration.ts(3,46): error TS6133: 'Layers' is declared but its value is never read.
src/data/revenueAcceleration.ts(3,54): error TS6133: 'Users' is declared but its value is never read.
src/data/revenueAcceleration.ts(3,61): error TS6133: 'Globe' is declared but its value is never read.
src/data/revenueAcceleration.ts(3,68): error TS6133: 'Shield' is declared but its value is never read.
src/data/revenueAcceleration.ts(3,76): error TS6133: 'Database' is declared but its value is never read.
src/data/revenueAcceleration.ts(4,5): error TS6133: 'Cpu' is declared but its value is never read.
src/data/revenueAcceleration.ts(4,10): error TS6133: 'Lock' is declared but its value is never read.
src/data/revenueAcceleration.ts(4,16): error TS6133: 'Search' is declared but its value is never read.
src/data/revenueAcceleration.ts(4,24): error TS6133: 'Share2' is declared but its value is never read.
src/data/revenueAcceleration.ts(4,32): error TS6133: 'PieChart' is declared but its value is never read.
src/data/revenueAcceleration.ts(4,42): error TS6133: 'Box' is declared but its value is never read.
src/data/revenueAcceleration.ts(4,47): error TS6133: 'Truck' is declared but its value is never read.
src/data/revenueAcceleration.ts(4,62): error TS6133: 'Gauge' is declared but its value is never read.
src/data/revenueAcceleration.ts(4,69): error TS6133: 'CheckCircle' is declared but its value is never read.
src/data/startupMVP.ts(3,34): error TS6133: 'Search' is declared but its value is never read.
src/data/startupMVP.ts(3,42): error TS6133: 'CheckCircle2' is declared but its value is never read.
src/data/startupMVP.ts(4,5): error TS6133: 'XCircle' is declared but its value is never read.
src/data/startupMVP.ts(4,14): error TS6133: 'Zap' is declared but its value is never read.
src/data/startupMVP.ts(4,19): error TS6133: 'Shield' is declared but its value is never read.
